Microchip MPLAB XC8 Compiler V2.45

Linker command line:

-W-3 \
  --edf=C:\Program Files\Microchip\xc8\v2.45\pic\dat\20230818022343_en.msgs \
  -cn -h+dist/default/debug\LCD_Interface_8_data.X.debug.sym \
  --cmf=dist/default/debug\LCD_Interface_8_data.X.debug.cmf -z -Q18F2220 \
  -oC:\Users\PRADIP~1\AppData\Local\Temp\xcAs1os.\driver_tmp_3.o \
  --defsym=__MPLAB_BUILD=1 --fixupoverflow=error \
  -Mdist/default/debug/LCD_Interface_8_data.X.debug.map \
  --md=C:\Users\PRADIP~1\AppData\Local\Temp\xcAs1os.\driver_tmp_0.dat -E1 \
  -ver=XC8 Compiler --acfsm=1493 -ACODE=00h-0FFFh -ACONST=00h-0FFFh \
  -ASMALLCONST=0200h-02FFhx14 -AMEDIUMCONST=0200h-0FFFh -ACOMRAM=01h-07Fh \
  -AABS1=00h-01FFh -ABIGRAM=01h-01FFh -ARAM=080h-0FFh,0100h-01FFh \
  -ABANK0=080h-0FFh -ABANK1=0100h-01FFh -ASFR=0F80h-0FFFh \
  -ABIGSFR=0F80h-0FFFh -ACONFIG=0300000h-030000Dh -AIDLOC=0200000h-0200007h \
  -AEEDATA=0F00000h-0F000FFh -peeprom_data=EEDATA \
  -preset_vec=00h,intcode,intcodelo,powerup,init -pramtop=0200h \
  -psmallconst=SMALLCONST -pmediumconst=MEDIUMCONST -pconst=CONST \
  -AFARRAM=00h-00h \
  -prdata=COMRAM,nvrram=COMRAM,nvbit=COMRAM,rbss=COMRAM,rbit=COMRAM \
  -pfarbss=FARRAM,fardata=FARRAM,nvFARRAM=FARRAM \
  -pintsave_regs=BIGRAM,bigbss=BIGRAM,bigdata=BIGRAM -pbss=RAM \
  -pidata=CODE,irdata=CODE,ibigdata=CODE,ifardata=CODE -prparam=COMRAM \
  C:\Users\PRADIP~1\AppData\Local\Temp\xcAs1os.\driver_tmp_9.o \
  dist/default/debug\LCD_Interface_8_data.X.debug.o 

Object code version is 3.11

Machine type is 18F2220



                Name                               Link     Load   Length Selector   Space Scale
C:\Users\PRADIP~1\AppData\Local\Temp\xcAs1os.\driver_tmp_9.o
                init                                  0        0        4        0       0
dist/default/debug\LCD_Interface_8_data.X.debug.o
                smallconst                          200      200       10      100       0
                text4                               298      298       30      108       0
                text3                               322      322       2A      108       0
                text2                               268      268       30      108       0
                text1                               2F6      2F6       2C      108       0
                text0                               210      210       58      108       0
                cstackCOMRAM                          1        1        5        1       1
                dataCOMRAM                            6        6        4        1       1
                cinit                               2C8      2C8       2E      108       0
                idataCOMRAM                         34C      34C        4      108       0

TOTAL           Name                               Link     Load   Length     Space
        CLASS   CODE           
                init                                  0        0        4         0
                text4                               298      298       30         0
                text3                               322      322       2A         0
                text2                               268      268       30         0
                text1                               2F6      2F6       2C         0
                text0                               210      210       58         0
                cinit                               2C8      2C8       2E         0
                idataCOMRAM                         34C      34C        4         0

        CLASS   CONST          

        CLASS   SMALLCONST     
                smallconst                          200      200       10         0

        CLASS   MEDIUMCONST    

        CLASS   COMRAM         
                cstackCOMRAM                          1        1        5         1
                dataCOMRAM                            6        6        4         1

        CLASS   ABS1           

        CLASS   BIGRAM         

        CLASS   RAM            

        CLASS   BANK0          

        CLASS   BANK1          

        CLASS   SFR            

        CLASS   BIGSFR         

        CLASS   CONFIG         

        CLASS   IDLOC          

        CLASS   EEDATA         

        CLASS   FARRAM         

        CLASS   HEAP           

        CLASS   STACK          



SEGMENTS        Name                           Load    Length   Top    Selector   Space  Class

                reset_vec                      000000  000004  000004         0       0  CODE    
                cstackCOMRAM                   000001  000009  00000A         1       1  COMRAM  
                smallconst                     000200  000010  000210       100       0  SMALLCON
                text0                          000210  000140  000350       108       0  CODE    


UNUSED ADDRESS RANGES

        Name                Unused          Largest block    Delta
        BANK0            080-0FF            80
        BANK1            100-1FF           100
        BIGRAM           00A-1FF           1F6
        BIGSFR           F80-FFF            80
        CODE             004-1FF           1FC
                         350-FFF           CB0
        COMRAM           00A-07F            76
        CONFIG           300000-30000D             E
        CONST            004-1FF           1FC
                         350-FFF           CB0
        EEDATA           F00000-F000FF           100
        IDLOC            200000-200007             8
        MEDIUMCONST      350-FFF           CB0
        RAM              080-1FF            80
        SFR              F80-FFF            80
        SMALLCONST       350-FFF           100

                                  Symbol Table

_PORTD_REG               dataCOMRAM   006
_TRISD_REG               dataCOMRAM   008
__HRAM                   (abs)        000
__H__absolute__          __absolute__ 000
__Habs1                  abs1         000
__Hbank0                 bank0        000
__Hbank1                 bank1        000
__Hbigbss                bigbss       000
__Hbigdata               bigdata      000
__Hbigram                bigram       000
__Hbigsfr                bigsfr       000
__Hbss                   bss          000
__Hcinit                 cinit        000
__Hclrtext               clrtext      000
__Hcomram                comram       000
__Hconfig                config       000
__Hconst                 const        000
__HcstackCOMRAM          cstackCOMRAM 000
__Hdata                  data         000
__HdataCOMRAM            dataCOMRAM   000
__Heeprom_data           eeprom_data  000
__Hfarbss                farbss       000
__Hfardata               fardata      000
__Hheap                  heap         000
__Hibigdata              ibigdata     000
__Hidata                 idata        000
__HidataCOMRAM           idataCOMRAM  000
__Hidloc                 idloc        000
__Hifardata              ifardata     000
__Hinit                  init         004
__Hintcode               intcode      000
__Hintcode_body          intcode_body 000
__Hintcodelo             intcodelo    000
__Hintentry              intentry     000
__Hintret                intret       000
__Hintsave_regs          intsave_regs 000
__Hirdata                irdata       000
__Hmediumconst           mediumconst  000
__HnvFARRAM              nvFARRAM     000
__Hnvbit                 nvbit        000
__Hnvrram                nvrram       000
__Hparam                 rparam       000
__Hpowerup               powerup      000
__Hram                   ram          000
__Hramtop                ramtop       200
__Hrbit                  rbit         000
__Hrbss                  rbss         000
__Hrdata                 rdata        000
__Hreset_vec             reset_vec    000
__Hrparam                rparam       000
__Hsfr                   sfr          000
__Hsmallconst            smallconst   210
__Hspace_0               (abs)        350
__Hspace_1               (abs)        00A
__Hspace_2               (abs)        000
__Hspace_4               (abs)        000
__Hstack                 stack        000
__Hstruct                struct       000
__Htemp                  temp         000
__Htext                  text         000
__Htext0                 text0        000
__Htext1                 text1        000
__Htext2                 text2        000
__Htext3                 text3        000
__Htext4                 text4        000
__LRAM                   (abs)        001
__L__absolute__          __absolute__ 000
__Labs1                  abs1         000
__Lbank0                 bank0        000
__Lbank1                 bank1        000
__Lbigbss                bigbss       000
__Lbigdata               bigdata      000
__Lbigram                bigram       000
__Lbigsfr                bigsfr       000
__Lbss                   bss          000
__Lcinit                 cinit        000
__Lclrtext               clrtext      000
__Lcomram                comram       000
__Lconfig                config       000
__Lconst                 const        000
__LcstackCOMRAM          cstackCOMRAM 000
__Ldata                  data         000
__LdataCOMRAM            dataCOMRAM   000
__Leeprom_data           eeprom_data  000
__Lfarbss                farbss       000
__Lfardata               fardata      000
__Lheap                  heap         000
__Libigdata              ibigdata     000
__Lidata                 idata        000
__LidataCOMRAM           idataCOMRAM  000
__Lidloc                 idloc        000
__Lifardata              ifardata     000
__Linit                  init         000
__Lintcode               intcode      000
__Lintcode_body          intcode_body 000
__Lintcodelo             intcodelo    000
__Lintentry              intentry     000
__Lintret                intret       000
__Lintsave_regs          intsave_regs 000
__Lirdata                irdata       000
__Lmediumconst           mediumconst  000
__LnvFARRAM              nvFARRAM     000
__Lnvbit                 nvbit        000
__Lnvrram                nvrram       000
__Lparam                 rparam       000
__Lpowerup               powerup      000
__Lram                   ram          000
__Lramtop                ramtop       200
__Lrbit                  rbit         000
__Lrbss                  rbss         000
__Lrdata                 rdata        000
__Lreset_vec             reset_vec    000
__Lrparam                rparam       000
__Lsfr                   sfr          000
__Lsmallconst            smallconst   200
__Lspace_0               (abs)        000
__Lspace_1               (abs)        000
__Lspace_2               (abs)        000
__Lspace_4               (abs)        000
__Lstack                 stack        000
__Lstruct                struct       000
__Ltemp                  temp         000
__Ltext                  text         000
__Ltext0                 text0        000
__Ltext1                 text1        000
__Ltext2                 text2        000
__Ltext3                 text3        000
__Ltext4                 text4        000
__S0                     (abs)        350
__S1                     (abs)        00A
__S4                     (abs)        000
__S5                     (abs)        000
___heap_hi               (abs)        000
___heap_lo               (abs)        000
___inthi_sp              stack        000
___inthi_stack_hi        stack        000
___inthi_stack_lo        stack        000
___intlo_sp              stack        000
___intlo_stack_hi        stack        000
___intlo_stack_lo        stack        000
___param_bank            (abs)        000
___rparam_used           (abs)        001
___sp                    stack        000
___stack_hi              stack        000
___stack_lo              stack        000
__accesstop              (abs)        080
__activetblptr           (abs)        001
__end_of__initialization cinit        2E8
__end_of_lcd_command     text4        2C8
__end_of_lcd_data        text2        298
__end_of_lcd_init        text3        34C
__end_of_lcd_puts        text1        322
__end_of_main            text0        268
__initialization         cinit        2C8
__mediumconst            mediumconst  000
__pcinit                 cinit        2C8
__pcstackCOMRAM          cstackCOMRAM 001
__pdataCOMRAM            dataCOMRAM   006
__pidataCOMRAM           idataCOMRAM  34C
__psmallconst            smallconst   200
__ptext0                 text0        210
__ptext1                 text1        2F6
__ptext2                 text2        268
__ptext3                 text3        322
__ptext4                 text4        298
__ramtop                 ramtop       200
__smallconst             smallconst   200
_lcd_command             text4        298
_lcd_data                text2        268
_lcd_init                text3        322
_lcd_puts                text1        2F6
_main                    text0        210
end_of_initialization    cinit        2E8
intlevel0                text         000
intlevel1                text         000
intlevel2                text         000
intlevel3                text         000
isa$std                  (abs)        001
isa$xinst                (abs)        000
lcd_command@command      cstackCOMRAM 002
lcd_data@data            cstackCOMRAM 002
lcd_puts@str             cstackCOMRAM 003
stackhi                  (abs)        000
stacklo                  (abs)        000
start                    init         000
start_initialization     cinit        2C8


MODULE INFORMATION

Module		Function		Class		Link	Load	Size
shared
		__initialization		CODE           	02C8	0000	32

shared estimated size: 32

main.c
		_lcd_command   		CODE           	0298	0000	48
		_lcd_puts      		CODE           	02F6	0000	44
		_lcd_data      		CODE           	0268	0000	48
		_main          		CODE           	0210	0000	88
		_lcd_init      		CODE           	0322	0000	42

main.c estimated size: 270

